(model
(declare-datatypes () ((Term (int (ival Int)) (real (rval Real)) (list (lval TList)) (tuple (tval TList)) (atom (aval IList)) (bin (sz Int) (bval BVList)) (fun (fval Int)))
(TList (nil) (cons (hd Term) (tl TList)))
(IList (inil) (icons (ihd Int) (itl IList)))
(BVList (bnil) (bcons (bhd (_ BitVec 1)) (btl BVList)))
))
(define-fun arity ((_ufmt_1 Int)) Int 1)
(define-fun fmap ((_ufmt_1 Int)) (Array TList Term) (store ((as const (Array TList Term)) (int 0)) (cons (real 0) nil) (tuple (cons (list nil) (cons (list (cons (tuple nil) (cons (list (cons (atom inil) (cons (bin 0 bnil) nil))) nil))) nil)))))
(define-fun atomTrue () Term (atom (icons 116 (icons 114 (icons 117 (icons 101 inil))))))
(define-fun atomFalse () Term (atom (icons 102 (icons 97 (icons 108 (icons 115 (icons 101 inil)))))))
(define-fun p0 () Term (int 42))
(define-fun p1 () Term (real 0))
(define-fun p2 () Term (fun 0))
(define-fun x1 () Term (atom (icons 116 (icons 114 (icons 117 (icons 101 inil))))))
(define-fun x2 () Term (tuple (cons (list nil) (cons (list (cons (tuple nil) (cons (list (cons (atom inil) (cons (bin 0 bnil) nil))) nil))) nil))))
(define-fun x3 () Term (list nil))
(define-fun x4 () Term (list (cons (tuple nil) (cons (list (cons (atom inil) (cons (bin 0 bnil) nil))) nil))))
(define-fun x5 () Term (tuple nil))
(define-fun x6 () Term (list (cons (atom inil) (cons (bin 0 bnil) nil))))
(define-fun x7 () Term (atom inil))
(define-fun x8 () Term (bin 0 bnil))
(define-fun x9 () Term (atom (icons 116 (icons 114 (icons 117 (icons 101 inil))))))
(define-fun x10 () Term (int 0))
(define-fun x11 () Term (atom (icons 116 (icons 114 (icons 117 (icons 101 inil))))))
(define-fun x12 () Term (atom (icons 116 (icons 114 (icons 117 (icons 101 inil))))))
(define-fun x13 () Term (int 42))
)
