(model 
  (define-fun atomTrue () Term
    (let ((a!1 (icons 116 (icons 114 (icons 117 (icons 101 inil))))))
  (atom a!1)))
  (define-fun atomFalse () Term
    (let ((a!1 (icons 97 (icons 108 (icons 115 (icons 101 inil))))))
  (atom (icons 102 a!1))))
  (define-fun y () Term
    (tuple (cons (int 2) (cons (int 1) nil))))
  (define-fun x () Term
    (list (cons (int 0) nil)))
)
